Component: ARM Compiler 5.06 update 4 (build 422) Tool: armlink [4d35d2]

==============================================================================

Section Cross References

    startup.o(RESET) refers to startup.o(STACK) for StackMem
    startup.o(RESET) refers to main.o(i.SysTick_Handler) for SysTick_Handler
    startup.o(RESET) refers to entry.o(.ARM.Collect$$$$00000000) for __main
    main.o(i.ESP_Init) refers to main.o(i.delay_ms) for delay_ms
    main.o(i.ESP_Init) refers to uart.o(i.UART1_SendChar) for UART1_SendChar
    main.o(i.ESP_Init) refers to uart.o(i.UART0_SendChar) for UART0_SendChar
    main.o(i.ESP_Init) refers to uart.o(i.UART0_CRLF) for UART0_CRLF
    main.o(i.ESP_Init) refers to uart.o(i.UART0_SendString) for UART0_SendString
    main.o(i.ESP_Init) refers to main.o(i.wait_for_procede) for wait_for_procede
    main.o(i.SysTick_Handler) refers to main.o(i.readBuff) for readBuff
    main.o(i.SysTick_Handler) refers to main.o(i.writeDAC) for writeDAC
    main.o(i.SysTick_Handler) refers to main.o(i.getPtrDifference) for getPtrDifference
    main.o(i.SysTick_Handler) refers to uart.o(i.UART1_SendChar) for UART1_SendChar
    main.o(i.SysTick_Handler) refers to main.o(.data) for ticksSinceLastRequest
    main.o(i.SysTick_Init) refers to uart.o(i.UART0_SendString) for UART0_SendString
    main.o(i.SysTick_Init) refers to uart.o(i.UART0_SendUDec) for UART0_SendUDec
    main.o(i.SysTick_Init) refers to uart.o(i.UART0_CRLF) for UART0_CRLF
    main.o(i.TriangleWave) refers to main.o(i.writeDAC) for writeDAC
    main.o(i.TriangleWave) refers to main.o(.data) for value
    main.o(i.getPtrDifference) refers to main.o(.data) for arePtrsMisaligned
    main.o(i.getPtrDifference) refers to main.o(.bss) for sampleBuffer
    main.o(i.init) refers to startup.o(.text) for DisableInterrupts
    main.o(i.init) refers to pll.o(i.PLL_Init) for PLL_Init
    main.o(i.init) refers to uart.o(i.UART0_Init) for UART0_Init
    main.o(i.init) refers to uart.o(i.UART1_Init) for UART1_Init
    main.o(i.init) refers to main.o(i.PortB_Init) for PortB_Init
    main.o(i.init) refers to main.o(i.PortC_Init) for PortC_Init
    main.o(i.init) refers to main.o(i.PortE_Init) for PortE_Init
    main.o(i.init) refers to main.o(i.PortF_Init) for PortF_Init
    main.o(i.init) refers to uart.o(i.UART0_SendString) for UART0_SendString
    main.o(i.init) refers to uart.o(i.UART0_CRLF) for UART0_CRLF
    main.o(i.init) refers to main.o(i.SysTick_Init) for SysTick_Init
    main.o(i.init) refers to main.o(i.pulseLEDs) for pulseLEDs
    main.o(i.init) refers to main.o(.bss) for sampleBuffer
    main.o(i.init) refers to main.o(.data) for sampleReadPtr
    main.o(i.main) refers to main.o(i.init) for init
    main.o(i.main) refers to uart.o(i.UART0_SendString) for UART0_SendString
    main.o(i.main) refers to uart.o(i.UART0_CRLF) for UART0_CRLF
    main.o(i.main) refers to main.o(i.writeBuff) for writeBuff
    main.o(i.pulseLEDs) refers to main.o(i.delay_ms) for delay_ms
    main.o(i.readBuff) refers to uart.o(i.UART0_SendString) for UART0_SendString
    main.o(i.readBuff) refers to uart.o(i.UART0_CRLF) for UART0_CRLF
    main.o(i.readBuff) refers to main.o(.data) for sampleWritePtr
    main.o(i.readBuff) refers to main.o(.bss) for sampleBuffer
    main.o(i.wait_for_procede) refers to uart.o(i.UART1_GetChar) for UART1_GetChar
    main.o(i.wait_for_procede) refers to uart.o(i.UART1_SendChar) for UART1_SendChar
    main.o(i.writeBuff) refers to uart.o(i.UART0_SendString) for UART0_SendString
    main.o(i.writeBuff) refers to uart.o(i.UART0_CRLF) for UART0_CRLF
    main.o(i.writeBuff) refers to main.o(.data) for sampleWritePtr
    main.o(i.writeBuff) refers to main.o(.bss) for sampleBuffer
    uart.o(i.UART0_CRLF) refers to uart.o(i.UART0_SendChar) for UART0_SendChar
    uart.o(i.UART0_GetString) refers to uart.o(i.UART0_GetChar) for UART0_GetChar
    uart.o(i.UART0_GetString) refers to uart.o(i.UART0_SendChar) for UART0_SendChar
    uart.o(i.UART0_GetUDec) refers to uart.o(i.UART0_GetChar) for UART0_GetChar
    uart.o(i.UART0_GetUDec) refers to uart.o(i.UART0_SendChar) for UART0_SendChar
    uart.o(i.UART0_SendString) refers to uart.o(i.UART0_SendChar) for UART0_SendChar
    uart.o(i.UART0_SendUDec) refers to uart.o(i.UART0_SendChar) for UART0_SendChar
    uart.o(i.UART1_CRLF) refers to uart.o(i.UART1_SendChar) for UART1_SendChar
    uart.o(i.UART1_GetString) refers to uart.o(i.UART1_GetChar) for UART1_GetChar
    uart.o(i.UART1_GetString) refers to uart.o(i.UART0_SendChar) for UART0_SendChar
    uart.o(i.UART1_GetUDec) refers to uart.o(i.UART1_GetChar) for UART1_GetChar
    uart.o(i.UART1_GetUDec) refers to uart.o(i.UART1_SendChar) for UART1_SendChar
    uart.o(i.UART1_SendString) refers to uart.o(i.UART1_SendChar) for UART1_SendChar
    uart.o(i.UART1_SendUDec) refers to uart.o(i.UART1_SendChar) for UART1_SendChar
    entry.o(.ARM.Collect$$$$00000000) refers (Special) to entry10a.o(.ARM.Collect$$$$0000000D) for __rt_final_cpp
    entry.o(.ARM.Collect$$$$00000000) refers (Special) to entry11a.o(.ARM.Collect$$$$0000000F) for __rt_final_exit
    entry.o(.ARM.Collect$$$$00000000) refers (Special) to entry7b.o(.ARM.Collect$$$$00000008) for _main_clock
    entry.o(.ARM.Collect$$$$00000000) refers (Special) to entry8b.o(.ARM.Collect$$$$0000000A) for _main_cpp_init
    entry.o(.ARM.Collect$$$$00000000) refers (Special) to entry9a.o(.ARM.Collect$$$$0000000B) for _main_init
    entry.o(.ARM.Collect$$$$00000000) refers (Special) to entry5.o(.ARM.Collect$$$$00000004) for _main_scatterload
    entry.o(.ARM.Collect$$$$00000000) refers (Special) to entry2.o(.ARM.Collect$$$$00000001) for _main_stk
    entry2.o(.ARM.Collect$$$$00000001) refers to entry2.o(.ARM.Collect$$$$00002712) for __lit__00000000
    entry2.o(.ARM.Collect$$$$00002712) refers to startup.o(STACK) for __initial_sp
    entry2.o(__vectab_stack_and_reset_area) refers to startup.o(STACK) for __initial_sp
    entry2.o(__vectab_stack_and_reset_area) refers to entry.o(.ARM.Collect$$$$00000000) for __main
    entry5.o(.ARM.Collect$$$$00000004) refers to init.o(.text) for __scatterload
    entry9a.o(.ARM.Collect$$$$0000000B) refers to main.o(i.main) for main
    entry9b.o(.ARM.Collect$$$$0000000C) refers to main.o(i.main) for main
    init.o(.text) refers to entry5.o(.ARM.Collect$$$$00000004) for __main_after_scatterload


==============================================================================

Removing Unused input sections from the image.

    Removing startup.o(HEAP), (0 bytes).
    Removing main.o(i.ESP_Init), (308 bytes).
    Removing main.o(i.TriangleWave), (100 bytes).
    Removing main.o(i.wait_for_procede), (24 bytes).
    Removing main.o(.constdata), (17 bytes).
    Removing uart.o(i.UART0_GetChar), (28 bytes).
    Removing uart.o(i.UART0_GetString), (66 bytes).
    Removing uart.o(i.UART0_GetUDec), (76 bytes).
    Removing uart.o(i.UART1_CRLF), (16 bytes).
    Removing uart.o(i.UART1_GetChar), (28 bytes).
    Removing uart.o(i.UART1_GetString), (42 bytes).
    Removing uart.o(i.UART1_GetUDec), (76 bytes).
    Removing uart.o(i.UART1_SendString), (22 bytes).
    Removing uart.o(i.UART1_SendUDec), (42 bytes).

14 unused section(s) (total 845 bytes) removed from the image.

==============================================================================

Image Symbol Table

    Local Symbols

    Symbol Name                              Value     Ov Type        Size  Object(Section)

    RESET                                    0x00000000   Section      644  startup.o(RESET)
    ../clib/microlib/init/entry.s            0x00000000   Number         0  entry.o ABSOLUTE
    ../clib/microlib/init/entry.s            0x00000000   Number         0  entry11b.o ABSOLUTE
    ../clib/microlib/init/entry.s            0x00000000   Number         0  entry11a.o ABSOLUTE
    ../clib/microlib/init/entry.s            0x00000000   Number         0  entry10b.o ABSOLUTE
    ../clib/microlib/init/entry.s            0x00000000   Number         0  entry10a.o ABSOLUTE
    ../clib/microlib/init/entry.s            0x00000000   Number         0  entry9b.o ABSOLUTE
    ../clib/microlib/init/entry.s            0x00000000   Number         0  entry9a.o ABSOLUTE
    ../clib/microlib/init/entry.s            0x00000000   Number         0  entry8b.o ABSOLUTE
    ../clib/microlib/init/entry.s            0x00000000   Number         0  entry8a.o ABSOLUTE
    ../clib/microlib/init/entry.s            0x00000000   Number         0  entry7b.o ABSOLUTE
    ../clib/microlib/init/entry.s            0x00000000   Number         0  entry7a.o ABSOLUTE
    ../clib/microlib/init/entry.s            0x00000000   Number         0  entry5.o ABSOLUTE
    ../clib/microlib/init/entry.s            0x00000000   Number         0  entry2.o ABSOLUTE
    PLL.c                                    0x00000000   Number         0  pll.o ABSOLUTE
    UART.c                                   0x00000000   Number         0  uart.o ABSOLUTE
    dc.s                                     0x00000000   Number         0  dc.o ABSOLUTE
    handlers.s                               0x00000000   Number         0  handlers.o ABSOLUTE
    init.s                                   0x00000000   Number         0  init.o ABSOLUTE
    main.c                                   0x00000000   Number         0  main.o ABSOLUTE
    startup.s                                0x00000000   Number         0  startup.o ABSOLUTE
    .ARM.Collect$$$$00000000                 0x00000284   Section        0  entry.o(.ARM.Collect$$$$00000000)
    .ARM.Collect$$$$00000001                 0x00000284   Section        4  entry2.o(.ARM.Collect$$$$00000001)
    .ARM.Collect$$$$00000004                 0x00000288   Section        4  entry5.o(.ARM.Collect$$$$00000004)
    .ARM.Collect$$$$00000008                 0x0000028c   Section        0  entry7b.o(.ARM.Collect$$$$00000008)
    .ARM.Collect$$$$0000000A                 0x0000028c   Section        0  entry8b.o(.ARM.Collect$$$$0000000A)
    .ARM.Collect$$$$0000000B                 0x0000028c   Section        8  entry9a.o(.ARM.Collect$$$$0000000B)
    .ARM.Collect$$$$0000000D                 0x00000294   Section        0  entry10a.o(.ARM.Collect$$$$0000000D)
    .ARM.Collect$$$$0000000F                 0x00000294   Section        0  entry11a.o(.ARM.Collect$$$$0000000F)
    .ARM.Collect$$$$00002712                 0x00000294   Section        4  entry2.o(.ARM.Collect$$$$00002712)
    __lit__00000000                          0x00000294   Data           4  entry2.o(.ARM.Collect$$$$00002712)
    .text                                    0x00000298   Section       28  startup.o(.text)
    .text                                    0x000002b4   Section       36  init.o(.text)
    i.PLL_Init                               0x000002d8   Section        0  pll.o(i.PLL_Init)
    i.PortB_Init                             0x00000354   Section        0  main.o(i.PortB_Init)
    i.PortC_Init                             0x000003e4   Section        0  main.o(i.PortC_Init)
    i.PortE_Init                             0x00000464   Section        0  main.o(i.PortE_Init)
    i.PortF_Init                             0x000004e4   Section        0  main.o(i.PortF_Init)
    i.SysTick_Handler                        0x00000578   Section        0  main.o(i.SysTick_Handler)
    i.SysTick_Init                           0x000005bc   Section        0  main.o(i.SysTick_Init)
    i.UART0_CRLF                             0x00000650   Section        0  uart.o(i.UART0_CRLF)
    i.UART0_Init                             0x00000660   Section        0  uart.o(i.UART0_Init)
    i.UART0_SendChar                         0x000006ec   Section        0  uart.o(i.UART0_SendChar)
    i.UART0_SendString                       0x00000704   Section        0  uart.o(i.UART0_SendString)
    i.UART0_SendUDec                         0x0000071a   Section        0  uart.o(i.UART0_SendUDec)
    i.UART1_Init                             0x00000744   Section        0  uart.o(i.UART1_Init)
    i.UART1_SendChar                         0x000007f0   Section        0  uart.o(i.UART1_SendChar)
    i.__scatterload_copy                     0x00000808   Section       14  handlers.o(i.__scatterload_copy)
    i.__scatterload_null                     0x00000816   Section        2  handlers.o(i.__scatterload_null)
    i.__scatterload_zeroinit                 0x00000818   Section       14  handlers.o(i.__scatterload_zeroinit)
    i.delay_ms                               0x00000826   Section        0  main.o(i.delay_ms)
    i.getPtrDifference                       0x0000084c   Section        0  main.o(i.getPtrDifference)
    i.init                                   0x00000888   Section        0  main.o(i.init)
    i.main                                   0x00000918   Section        0  main.o(i.main)
    i.pulseLEDs                              0x0000095c   Section        0  main.o(i.pulseLEDs)
    i.readBuff                               0x000009f8   Section        0  main.o(i.readBuff)
    i.writeBuff                              0x00000ab0   Section        0  main.o(i.writeBuff)
    i.writeDAC                               0x00000b30   Section        0  main.o(i.writeDAC)
    .data                                    0x20000000   Section       25  main.o(.data)
    .bss                                     0x2000001c   Section    30000  main.o(.bss)
    STACK                                    0x20007550   Section     1024  startup.o(STACK)
    StackMem                                 0x20007550   Data           0  startup.o(STACK)

    Global Symbols

    Symbol Name                              Value     Ov Type        Size  Object(Section)

    BuildAttributes$$THM_ISAv4$E$P$D$K$B$S$7EM$PE$A:L22UL41UL21$X:L11$S22US41US21$IEEE1$IW$USESV6$~STKCKD$USESV7$~SHL$OSPACE$EBA8$MICROLIB$REQ8$PRES8$EABIv2 0x00000000   Number         0  anon$$obj.o ABSOLUTE
    __ARM_use_no_argv                        0x00000000   Number         0  main.o ABSOLUTE
    __Vectors                                0x00000000   Data           0  startup.o(RESET)
    __cpp_initialize__aeabi_                  - Undefined Weak Reference
    __cxa_finalize                            - Undefined Weak Reference
    __decompress                              - Undefined Weak Reference
    _clock_init                               - Undefined Weak Reference
    _microlib_exit                            - Undefined Weak Reference
    Reset_Handler                            0x0000026d   Thumb Code     0  startup.o(RESET)
    NMI_Handler                              0x00000271   Thumb Code     2  startup.o(RESET)
    HardFault_Handler                        0x00000273   Thumb Code     2  startup.o(RESET)
    MemManage_Handler                        0x00000275   Thumb Code     2  startup.o(RESET)
    BusFault_Handler                         0x00000277   Thumb Code     2  startup.o(RESET)
    UsageFault_Handler                       0x00000279   Thumb Code     2  startup.o(RESET)
    SVC_Handler                              0x0000027b   Thumb Code     2  startup.o(RESET)
    DebugMon_Handler                         0x0000027d   Thumb Code     2  startup.o(RESET)
    PendSV_Handler                           0x0000027f   Thumb Code     2  startup.o(RESET)
    ADC0Seq0_Handler                         0x00000283   Thumb Code     0  startup.o(RESET)
    ADC0Seq1_Handler                         0x00000283   Thumb Code     0  startup.o(RESET)
    ADC0Seq2_Handler                         0x00000283   Thumb Code     0  startup.o(RESET)
    ADC0Seq3_Handler                         0x00000283   Thumb Code     0  startup.o(RESET)
    ADC1Seq0_Handler                         0x00000283   Thumb Code     0  startup.o(RESET)
    ADC1Seq1_Handler                         0x00000283   Thumb Code     0  startup.o(RESET)
    ADC1Seq2_Handler                         0x00000283   Thumb Code     0  startup.o(RESET)
    ADC1Seq3_Handler                         0x00000283   Thumb Code     0  startup.o(RESET)
    CAN0_Handler                             0x00000283   Thumb Code     0  startup.o(RESET)
    CAN1_Handler                             0x00000283   Thumb Code     0  startup.o(RESET)
    CAN2_Handler                             0x00000283   Thumb Code     0  startup.o(RESET)
    Comp0_Handler                            0x00000283   Thumb Code     0  startup.o(RESET)
    Comp1_Handler                            0x00000283   Thumb Code     0  startup.o(RESET)
    Comp2_Handler                            0x00000283   Thumb Code     0  startup.o(RESET)
    Ethernet_Handler                         0x00000283   Thumb Code     0  startup.o(RESET)
    ExtBus_Handler                           0x00000283   Thumb Code     0  startup.o(RESET)
    FPU_Handler                              0x00000283   Thumb Code     0  startup.o(RESET)
    Fan0_Handler                             0x00000283   Thumb Code     0  startup.o(RESET)
    FlashCtl_Handler                         0x00000283   Thumb Code     0  startup.o(RESET)
    GPIOPortA_Handler                        0x00000283   Thumb Code     0  startup.o(RESET)
    GPIOPortB_Handler                        0x00000283   Thumb Code     0  startup.o(RESET)
    GPIOPortC_Handler                        0x00000283   Thumb Code     0  startup.o(RESET)
    GPIOPortD_Handler                        0x00000283   Thumb Code     0  startup.o(RESET)
    GPIOPortE_Handler                        0x00000283   Thumb Code     0  startup.o(RESET)
    GPIOPortF_Handler                        0x00000283   Thumb Code     0  startup.o(RESET)
    GPIOPortG_Handler                        0x00000283   Thumb Code     0  startup.o(RESET)
    GPIOPortH_Handler                        0x00000283   Thumb Code     0  startup.o(RESET)
    GPIOPortJ_Handler                        0x00000283   Thumb Code     0  startup.o(RESET)
    GPIOPortK_Handler                        0x00000283   Thumb Code     0  startup.o(RESET)
    GPIOPortL_Handler                        0x00000283   Thumb Code     0  startup.o(RESET)
    GPIOPortM_Handler                        0x00000283   Thumb Code     0  startup.o(RESET)
    GPIOPortN_Handler                        0x00000283   Thumb Code     0  startup.o(RESET)
    GPIOPortP1_Handler                       0x00000283   Thumb Code     0  startup.o(RESET)
    GPIOPortP2_Handler                       0x00000283   Thumb Code     0  startup.o(RESET)
    GPIOPortP3_Handler                       0x00000283   Thumb Code     0  startup.o(RESET)
    GPIOPortP4_Handler                       0x00000283   Thumb Code     0  startup.o(RESET)
    GPIOPortP5_Handler                       0x00000283   Thumb Code     0  startup.o(RESET)
    GPIOPortP6_Handler                       0x00000283   Thumb Code     0  startup.o(RESET)
    GPIOPortP7_Handler                       0x00000283   Thumb Code     0  startup.o(RESET)
    GPIOPortP_Handler                        0x00000283   Thumb Code     0  startup.o(RESET)
    GPIOPortQ1_Handler                       0x00000283   Thumb Code     0  startup.o(RESET)
    GPIOPortQ2_Handler                       0x00000283   Thumb Code     0  startup.o(RESET)
    GPIOPortQ3_Handler                       0x00000283   Thumb Code     0  startup.o(RESET)
    GPIOPortQ4_Handler                       0x00000283   Thumb Code     0  startup.o(RESET)
    GPIOPortQ5_Handler                       0x00000283   Thumb Code     0  startup.o(RESET)
    GPIOPortQ6_Handler                       0x00000283   Thumb Code     0  startup.o(RESET)
    GPIOPortQ7_Handler                       0x00000283   Thumb Code     0  startup.o(RESET)
    GPIOPortQ_Handler                        0x00000283   Thumb Code     0  startup.o(RESET)
    GPIOPortR_Handler                        0x00000283   Thumb Code     0  startup.o(RESET)
    GPIOPortS_Handler                        0x00000283   Thumb Code     0  startup.o(RESET)
    Hibernate_Handler                        0x00000283   Thumb Code     0  startup.o(RESET)
    I2C0_Handler                             0x00000283   Thumb Code     0  startup.o(RESET)
    I2C1_Handler                             0x00000283   Thumb Code     0  startup.o(RESET)
    I2C2_Handler                             0x00000283   Thumb Code     0  startup.o(RESET)
    I2C3_Handler                             0x00000283   Thumb Code     0  startup.o(RESET)
    I2C4_Handler                             0x00000283   Thumb Code     0  startup.o(RESET)
    I2C5_Handler                             0x00000283   Thumb Code     0  startup.o(RESET)
    I2S0_Handler                             0x00000283   Thumb Code     0  startup.o(RESET)
    LPC0_Handler                             0x00000283   Thumb Code     0  startup.o(RESET)
    PECI0_Handler                            0x00000283   Thumb Code     0  startup.o(RESET)
    PWM0Fault_Handler                        0x00000283   Thumb Code     0  startup.o(RESET)
    PWM0Generator0_Handler                   0x00000283   Thumb Code     0  startup.o(RESET)
    PWM0Generator1_Handler                   0x00000283   Thumb Code     0  startup.o(RESET)
    PWM0Generator2_Handler                   0x00000283   Thumb Code     0  startup.o(RESET)
    PWM0Generator3_Handler                   0x00000283   Thumb Code     0  startup.o(RESET)
    PWM1Fault_Handler                        0x00000283   Thumb Code     0  startup.o(RESET)
    PWM1Generator0_Handler                   0x00000283   Thumb Code     0  startup.o(RESET)
    PWM1Generator1_Handler                   0x00000283   Thumb Code     0  startup.o(RESET)
    PWM1Generator2_Handler                   0x00000283   Thumb Code     0  startup.o(RESET)
    PWM1Generator3_Handler                   0x00000283   Thumb Code     0  startup.o(RESET)
    Quadrature0_Handler                      0x00000283   Thumb Code     0  startup.o(RESET)
    Quadrature1_Handler                      0x00000283   Thumb Code     0  startup.o(RESET)
    Quadrature2_Handler                      0x00000283   Thumb Code     0  startup.o(RESET)
    SSI0_Handler                             0x00000283   Thumb Code     0  startup.o(RESET)
    SSI1_Handler                             0x00000283   Thumb Code     0  startup.o(RESET)
    SSI2_Handler                             0x00000283   Thumb Code     0  startup.o(RESET)
    SSI3_Handler                             0x00000283   Thumb Code     0  startup.o(RESET)
    SysCtl_Handler                           0x00000283   Thumb Code     0  startup.o(RESET)
    Timer0A_Handler                          0x00000283   Thumb Code     0  startup.o(RESET)
    Timer0B_Handler                          0x00000283   Thumb Code     0  startup.o(RESET)
    Timer1A_Handler                          0x00000283   Thumb Code     0  startup.o(RESET)
    Timer1B_Handler                          0x00000283   Thumb Code     0  startup.o(RESET)
    Timer2A_Handler                          0x00000283   Thumb Code     0  startup.o(RESET)
    Timer2B_Handler                          0x00000283   Thumb Code     0  startup.o(RESET)
    Timer3A_Handler                          0x00000283   Thumb Code     0  startup.o(RESET)
    Timer3B_Handler                          0x00000283   Thumb Code     0  startup.o(RESET)
    Timer4A_Handler                          0x00000283   Thumb Code     0  startup.o(RESET)
    Timer4B_Handler                          0x00000283   Thumb Code     0  startup.o(RESET)
    Timer5A_Handler                          0x00000283   Thumb Code     0  startup.o(RESET)
    Timer5B_Handler                          0x00000283   Thumb Code     0  startup.o(RESET)
    UART0_Handler                            0x00000283   Thumb Code     0  startup.o(RESET)
    UART1_Handler                            0x00000283   Thumb Code     0  startup.o(RESET)
    UART2_Handler                            0x00000283   Thumb Code     0  startup.o(RESET)
    UART3_Handler                            0x00000283   Thumb Code     0  startup.o(RESET)
    UART4_Handler                            0x00000283   Thumb Code     0  startup.o(RESET)
    UART5_Handler                            0x00000283   Thumb Code     0  startup.o(RESET)
    UART6_Handler                            0x00000283   Thumb Code     0  startup.o(RESET)
    UART7_Handler                            0x00000283   Thumb Code     0  startup.o(RESET)
    USB0_Handler                             0x00000283   Thumb Code     0  startup.o(RESET)
    WDT_Handler                              0x00000283   Thumb Code     0  startup.o(RESET)
    WideTimer0A_Handler                      0x00000283   Thumb Code     0  startup.o(RESET)
    WideTimer0B_Handler                      0x00000283   Thumb Code     0  startup.o(RESET)
    WideTimer1A_Handler                      0x00000283   Thumb Code     0  startup.o(RESET)
    WideTimer1B_Handler                      0x00000283   Thumb Code     0  startup.o(RESET)
    WideTimer2A_Handler                      0x00000283   Thumb Code     0  startup.o(RESET)
    WideTimer2B_Handler                      0x00000283   Thumb Code     0  startup.o(RESET)
    WideTimer3A_Handler                      0x00000283   Thumb Code     0  startup.o(RESET)
    WideTimer3B_Handler                      0x00000283   Thumb Code     0  startup.o(RESET)
    WideTimer4A_Handler                      0x00000283   Thumb Code     0  startup.o(RESET)
    WideTimer4B_Handler                      0x00000283   Thumb Code     0  startup.o(RESET)
    WideTimer5A_Handler                      0x00000283   Thumb Code     0  startup.o(RESET)
    WideTimer5B_Handler                      0x00000283   Thumb Code     0  startup.o(RESET)
    uDMA_Error                               0x00000283   Thumb Code     0  startup.o(RESET)
    uDMA_Handler                             0x00000283   Thumb Code     0  startup.o(RESET)
    __main                                   0x00000285   Thumb Code     0  entry.o(.ARM.Collect$$$$00000000)
    _main_stk                                0x00000285   Thumb Code     0  entry2.o(.ARM.Collect$$$$00000001)
    _main_scatterload                        0x00000289   Thumb Code     0  entry5.o(.ARM.Collect$$$$00000004)
    __main_after_scatterload                 0x0000028d   Thumb Code     0  entry5.o(.ARM.Collect$$$$00000004)
    _main_clock                              0x0000028d   Thumb Code     0  entry7b.o(.ARM.Collect$$$$00000008)
    _main_cpp_init                           0x0000028d   Thumb Code     0  entry8b.o(.ARM.Collect$$$$0000000A)
    _main_init                               0x0000028d   Thumb Code     0  entry9a.o(.ARM.Collect$$$$0000000B)
    __rt_final_cpp                           0x00000295   Thumb Code     0  entry10a.o(.ARM.Collect$$$$0000000D)
    __rt_final_exit                          0x00000295   Thumb Code     0  entry11a.o(.ARM.Collect$$$$0000000F)
    DisableInterrupts                        0x00000299   Thumb Code     0  startup.o(.text)
    EnableInterrupts                         0x0000029d   Thumb Code     0  startup.o(.text)
    StartCritical                            0x000002a1   Thumb Code     0  startup.o(.text)
    EndCritical                              0x000002a9   Thumb Code     0  startup.o(.text)
    WaitForInterrupt                         0x000002af   Thumb Code     0  startup.o(.text)
    __scatterload                            0x000002b5   Thumb Code    28  init.o(.text)
    __scatterload_rt2                        0x000002b5   Thumb Code     0  init.o(.text)
    PLL_Init                                 0x000002d9   Thumb Code   120  pll.o(i.PLL_Init)
    PortB_Init                               0x00000355   Thumb Code   122  main.o(i.PortB_Init)
    PortC_Init                               0x000003e5   Thumb Code   106  main.o(i.PortC_Init)
    PortE_Init                               0x00000465   Thumb Code   108  main.o(i.PortE_Init)
    PortF_Init                               0x000004e5   Thumb Code   126  main.o(i.PortF_Init)
    SysTick_Handler                          0x00000579   Thumb Code    64  main.o(i.SysTick_Handler)
    SysTick_Init                             0x000005bd   Thumb Code    82  main.o(i.SysTick_Init)
    UART0_CRLF                               0x00000651   Thumb Code    16  uart.o(i.UART0_CRLF)
    UART0_Init                               0x00000661   Thumb Code   118  uart.o(i.UART0_Init)
    UART0_SendChar                           0x000006ed   Thumb Code    20  uart.o(i.UART0_SendChar)
    UART0_SendString                         0x00000705   Thumb Code    22  uart.o(i.UART0_SendString)
    UART0_SendUDec                           0x0000071b   Thumb Code    42  uart.o(i.UART0_SendUDec)
    UART1_Init                               0x00000745   Thumb Code   144  uart.o(i.UART1_Init)
    UART1_SendChar                           0x000007f1   Thumb Code    20  uart.o(i.UART1_SendChar)
    __scatterload_copy                       0x00000809   Thumb Code    14  handlers.o(i.__scatterload_copy)
    __scatterload_null                       0x00000817   Thumb Code     2  handlers.o(i.__scatterload_null)
    __scatterload_zeroinit                   0x00000819   Thumb Code    14  handlers.o(i.__scatterload_zeroinit)
    delay_ms                                 0x00000827   Thumb Code    36  main.o(i.delay_ms)
    getPtrDifference                         0x0000084d   Thumb Code    44  main.o(i.getPtrDifference)
    init                                     0x00000889   Thumb Code    96  main.o(i.init)
    main                                     0x00000919   Thumb Code    42  main.o(i.main)
    pulseLEDs                                0x0000095d   Thumb Code   148  main.o(i.pulseLEDs)
    readBuff                                 0x000009f9   Thumb Code   132  main.o(i.readBuff)
    writeBuff                                0x00000ab1   Thumb Code    82  main.o(i.writeBuff)
    writeDAC                                 0x00000b31   Thumb Code    36  main.o(i.writeDAC)
    Region$$Table$$Base                      0x00000b60   Number         0  anon$$obj.o(Region$$Table)
    Region$$Table$$Limit                     0x00000b80   Number         0  anon$$obj.o(Region$$Table)
    sampleReadPtr                            0x20000000   Data           4  main.o(.data)
    sampleWritePtr                           0x20000004   Data           4  main.o(.data)
    arePtrsMisaligned                        0x20000008   Data           1  main.o(.data)
    ticksSinceLastRequest                    0x2000000c   Data           4  main.o(.data)
    value                                    0x20000010   Data           1  main.o(.data)
    decreasing                               0x20000011   Data           1  main.o(.data)
    tickSinceLastComplain                    0x20000014   Data           4  main.o(.data)
    songPlaying                              0x20000018   Data           1  main.o(.data)
    sampleBuffer                             0x2000001c   Data       30000  main.o(.bss)
    __initial_sp                             0x20007950   Data           0  startup.o(STACK)



==============================================================================

Memory Map of the image

  Image Entry point : 0x0000026d

  Load Region LR_1 (Base: 0x00000000, Size: 0x00000b9c, Max: 0xffffffff, ABSOLUTE)

    Execution Region ER_RO (Base: 0x00000000, Size: 0x00000b80, Max: 0xffffffff, ABSOLUTE)

    Base Addr    Size         Type   Attr      Idx    E Section Name        Object

    0x00000000   0x00000284   Code   RO            3  * RESET               startup.o
    0x00000284   0x00000000   Code   RO          256  * .ARM.Collect$$$$00000000  mc_w.l(entry.o)
    0x00000284   0x00000004   Code   RO          259    .ARM.Collect$$$$00000001  mc_w.l(entry2.o)
    0x00000288   0x00000004   Code   RO          262    .ARM.Collect$$$$00000004  mc_w.l(entry5.o)
    0x0000028c   0x00000000   Code   RO          264    .ARM.Collect$$$$00000008  mc_w.l(entry7b.o)
    0x0000028c   0x00000000   Code   RO          266    .ARM.Collect$$$$0000000A  mc_w.l(entry8b.o)
    0x0000028c   0x00000008   Code   RO          267    .ARM.Collect$$$$0000000B  mc_w.l(entry9a.o)
    0x00000294   0x00000000   Code   RO          269    .ARM.Collect$$$$0000000D  mc_w.l(entry10a.o)
    0x00000294   0x00000000   Code   RO          271    .ARM.Collect$$$$0000000F  mc_w.l(entry11a.o)
    0x00000294   0x00000004   Code   RO          260    .ARM.Collect$$$$00002712  mc_w.l(entry2.o)
    0x00000298   0x0000001c   Code   RO            4    .text               startup.o
    0x000002b4   0x00000024   Code   RO          273    .text               mc_w.l(init.o)
    0x000002d8   0x0000007c   Code   RO          142    i.PLL_Init          pll.o
    0x00000354   0x00000090   Code   RO           13    i.PortB_Init        main.o
    0x000003e4   0x00000080   Code   RO           14    i.PortC_Init        main.o
    0x00000464   0x00000080   Code   RO           15    i.PortE_Init        main.o
    0x000004e4   0x00000094   Code   RO           16    i.PortF_Init        main.o
    0x00000578   0x00000044   Code   RO           17    i.SysTick_Handler   main.o
    0x000005bc   0x00000094   Code   RO           18    i.SysTick_Init      main.o
    0x00000650   0x00000010   Code   RO          154    i.UART0_CRLF        uart.o
    0x00000660   0x0000008c   Code   RO          158    i.UART0_Init        uart.o
    0x000006ec   0x00000018   Code   RO          159    i.UART0_SendChar    uart.o
    0x00000704   0x00000016   Code   RO          160    i.UART0_SendString  uart.o
    0x0000071a   0x0000002a   Code   RO          161    i.UART0_SendUDec    uart.o
    0x00000744   0x000000ac   Code   RO          166    i.UART1_Init        uart.o
    0x000007f0   0x00000018   Code   RO          167    i.UART1_SendChar    uart.o
    0x00000808   0x0000000e   Code   RO          277    i.__scatterload_copy  mc_w.l(handlers.o)
    0x00000816   0x00000002   Code   RO          278    i.__scatterload_null  mc_w.l(handlers.o)
    0x00000818   0x0000000e   Code   RO          279    i.__scatterload_zeroinit  mc_w.l(handlers.o)
    0x00000826   0x00000024   Code   RO           20    i.delay_ms          main.o
    0x0000084a   0x00000002   PAD
    0x0000084c   0x0000003c   Code   RO           21    i.getPtrDifference  main.o
    0x00000888   0x00000090   Code   RO           22    i.init              main.o
    0x00000918   0x00000044   Code   RO           23    i.main              main.o
    0x0000095c   0x0000009c   Code   RO           24    i.pulseLEDs         main.o
    0x000009f8   0x000000b8   Code   RO           25    i.readBuff          main.o
    0x00000ab0   0x00000080   Code   RO           27    i.writeBuff         main.o
    0x00000b30   0x00000030   Code   RO           28    i.writeDAC          main.o
    0x00000b60   0x00000020   Data   RO          275    Region$$Table       anon$$obj.o


    Execution Region ER_RW (Base: 0x20000000, Size: 0x0000001c, Max: 0xffffffff, ABSOLUTE)

    Base Addr    Size         Type   Attr      Idx    E Section Name        Object

    0x20000000   0x00000019   Data   RW           31    .data               main.o


    Execution Region ER_ZI (Base: 0x2000001c, Size: 0x00007934, Max: 0xffffffff, ABSOLUTE)

    Base Addr    Size         Type   Attr      Idx    E Section Name        Object

    0x2000001c   0x00007530   Zero   RW           29    .bss                main.o
    0x2000754c   0x00000004   PAD
    0x20007550   0x00000400   Zero   RW            1    STACK               startup.o


==============================================================================

Image component sizes


      Code (inc. data)   RO Data    RW Data    ZI Data      Debug   Object Name

      1588        364          0         25      30000       9555   main.o
       124          4          0          0          0        427   pll.o
       672        622          0          0       1024        996   startup.o
       440         58          0          0          0       3209   uart.o

    ----------------------------------------------------------------------
      2826       1048         32         28      31028      14187   Object Totals
         0          0         32          0          0          0   (incl. Generated)
         2          0          0          3          4          0   (incl. Padding)

    ----------------------------------------------------------------------

      Code (inc. data)   RO Data    RW Data    ZI Data      Debug   Library Member Name

         0          0          0          0          0          0   entry.o
         0          0          0          0          0          0   entry10a.o
         0          0          0          0          0          0   entry11a.o
         8          4          0          0          0          0   entry2.o
         4          0          0          0          0          0   entry5.o
         0          0          0          0          0          0   entry7b.o
         0          0          0          0          0          0   entry8b.o
         8          4          0          0          0          0   entry9a.o
        30          0          0          0          0          0   handlers.o
        36          8          0          0          0         68   init.o

    ----------------------------------------------------------------------
        86         16          0          0          0         68   Library Totals
         0          0          0          0          0          0   (incl. Padding)

    ----------------------------------------------------------------------

      Code (inc. data)   RO Data    RW Data    ZI Data      Debug   Library Name

        86         16          0          0          0         68   mc_w.l

    ----------------------------------------------------------------------
        86         16          0          0          0         68   Library Totals

    ----------------------------------------------------------------------

==============================================================================


      Code (inc. data)   RO Data    RW Data    ZI Data      Debug   

      2912       1064         32         28      31028      13471   Grand Totals
      2912       1064         32         28      31028      13471   ELF Image Totals
      2912       1064         32         28          0          0   ROM Totals

==============================================================================

    Total RO  Size (Code + RO Data)                 2944 (   2.88kB)
    Total RW  Size (RW Data + ZI Data)             31056 (  30.33kB)
    Total ROM Size (Code + RO Data + RW Data)       2972 (   2.90kB)

==============================================================================

