Component: ARM Compiler 5.06 update 4 (build 422) Tool: armlink [4d35d2]

==============================================================================

Section Cross References

    startup.o(RESET) refers to startup.o(STACK) for StackMem
    startup.o(RESET) refers to entry.o(.ARM.Collect$$$$00000000) for __main
    main.o(i.ESP_Init) refers to uart.o(i.UART0_SendString) for UART0_SendString
    main.o(i.ESP_Init) refers to uart.o(i.UART0_CRLF) for UART0_CRLF
    main.o(i.ESP_Init) refers to systick.o(i.SysTick_Wait10ms) for SysTick_Wait10ms
    main.o(i.ESP_Init) refers to uart.o(i.UART1_SendChar) for UART1_SendChar
    main.o(i.ESP_Init) refers to uart.o(i.UART0_SendChar) for UART0_SendChar
    main.o(i.ESP_Init) refers to uart.o(i.UART1_GetChar) for UART1_GetChar
    main.o(i.ESP_Init) refers to main.o(.data) for returnChar
    main.o(i.init) refers to startup.o(.text) for DisableInterrupts
    main.o(i.init) refers to pll.o(i.PLL_Init) for PLL_Init
    main.o(i.init) refers to systick.o(i.SysTick_Init) for SysTick_Init
    main.o(i.init) refers to uart.o(i.UART0_Init) for UART0_Init
    main.o(i.init) refers to uart.o(i.UART1_Init) for UART1_Init
    main.o(i.init) refers to main.o(i.PortF_Init) for PortF_Init
    main.o(i.init) refers to main.o(i.PortD_Init) for PortD_Init
    main.o(i.init) refers to uart.o(i.UART0_SendString) for UART0_SendString
    main.o(i.init) refers to uart.o(i.UART0_CRLF) for UART0_CRLF
    main.o(i.init) refers to main.o(i.ESP_Init) for ESP_Init
    main.o(i.main) refers to main.o(i.init) for init
    main.o(i.main) refers to systick.o(i.SysTick_Wait10ms) for SysTick_Wait10ms
    main.o(i.main) refers to uart.o(i.UART1_SendChar) for UART1_SendChar
    main.o(i.main) refers to uart.o(i.UART1_GetChar) for UART1_GetChar
    main.o(i.main) refers to uart.o(i.UART0_SendChar) for UART0_SendChar
    systick.o(i.SysTick_Wait10ms) refers to systick.o(i.SysTick_Wait) for SysTick_Wait
    uart.o(i.UART0_CRLF) refers to uart.o(i.UART0_SendChar) for UART0_SendChar
    uart.o(i.UART0_GetString) refers to uart.o(i.UART0_GetChar) for UART0_GetChar
    uart.o(i.UART0_GetString) refers to uart.o(i.UART0_SendChar) for UART0_SendChar
    uart.o(i.UART0_GetUDec) refers to uart.o(i.UART0_GetChar) for UART0_GetChar
    uart.o(i.UART0_GetUDec) refers to uart.o(i.UART0_SendChar) for UART0_SendChar
    uart.o(i.UART0_SendString) refers to uart.o(i.UART0_SendChar) for UART0_SendChar
    uart.o(i.UART0_SendUDec) refers to uart.o(i.UART0_SendChar) for UART0_SendChar
    uart.o(i.UART1_CRLF) refers to uart.o(i.UART1_SendChar) for UART1_SendChar
    uart.o(i.UART1_GetString) refers to uart.o(i.UART1_GetChar) for UART1_GetChar
    uart.o(i.UART1_GetString) refers to uart.o(i.UART0_SendChar) for UART0_SendChar
    uart.o(i.UART1_GetUDec) refers to uart.o(i.UART1_GetChar) for UART1_GetChar
    uart.o(i.UART1_GetUDec) refers to uart.o(i.UART1_SendChar) for UART1_SendChar
    uart.o(i.UART1_SendString) refers to uart.o(i.UART1_SendChar) for UART1_SendChar
    uart.o(i.UART1_SendUDec) refers to uart.o(i.UART1_SendChar) for UART1_SendChar
    entry.o(.ARM.Collect$$$$00000000) refers (Special) to entry10a.o(.ARM.Collect$$$$0000000D) for __rt_final_cpp
    entry.o(.ARM.Collect$$$$00000000) refers (Special) to entry11a.o(.ARM.Collect$$$$0000000F) for __rt_final_exit
    entry.o(.ARM.Collect$$$$00000000) refers (Special) to entry7b.o(.ARM.Collect$$$$00000008) for _main_clock
    entry.o(.ARM.Collect$$$$00000000) refers (Special) to entry8b.o(.ARM.Collect$$$$0000000A) for _main_cpp_init
    entry.o(.ARM.Collect$$$$00000000) refers (Special) to entry9a.o(.ARM.Collect$$$$0000000B) for _main_init
    entry.o(.ARM.Collect$$$$00000000) refers (Special) to entry5.o(.ARM.Collect$$$$00000004) for _main_scatterload
    entry.o(.ARM.Collect$$$$00000000) refers (Special) to entry2.o(.ARM.Collect$$$$00000001) for _main_stk
    entry2.o(.ARM.Collect$$$$00000001) refers to entry2.o(.ARM.Collect$$$$00002712) for __lit__00000000
    entry2.o(.ARM.Collect$$$$00002712) refers to startup.o(STACK) for __initial_sp
    entry2.o(__vectab_stack_and_reset_area) refers to startup.o(STACK) for __initial_sp
    entry2.o(__vectab_stack_and_reset_area) refers to entry.o(.ARM.Collect$$$$00000000) for __main
    entry5.o(.ARM.Collect$$$$00000004) refers to init.o(.text) for __scatterload
    entry9a.o(.ARM.Collect$$$$0000000B) refers to main.o(i.main) for main
    entry9b.o(.ARM.Collect$$$$0000000C) refers to main.o(i.main) for main
    init.o(.text) refers to entry5.o(.ARM.Collect$$$$00000004) for __main_after_scatterload


==============================================================================

Removing Unused input sections from the image.

    Removing startup.o(HEAP), (0 bytes).
    Removing main.o(.bss), (256 bytes).
    Removing uart.o(i.UART0_GetChar), (28 bytes).
    Removing uart.o(i.UART0_GetString), (66 bytes).
    Removing uart.o(i.UART0_GetUDec), (76 bytes).
    Removing uart.o(i.UART0_SendUDec), (42 bytes).
    Removing uart.o(i.UART1_CRLF), (16 bytes).
    Removing uart.o(i.UART1_GetString), (42 bytes).
    Removing uart.o(i.UART1_GetUDec), (76 bytes).
    Removing uart.o(i.UART1_SendString), (22 bytes).
    Removing uart.o(i.UART1_SendUDec), (42 bytes).

11 unused section(s) (total 666 bytes) removed from the image.

==============================================================================

Image Symbol Table

    Local Symbols

    Symbol Name                              Value     Ov Type        Size  Object(Section)

    RESET                                    0x00000000   Section      644  startup.o(RESET)
    ../clib/microlib/init/entry.s            0x00000000   Number         0  entry7a.o ABSOLUTE
    ../clib/microlib/init/entry.s            0x00000000   Number         0  entry8b.o ABSOLUTE
    ../clib/microlib/init/entry.s            0x00000000   Number         0  entry8a.o ABSOLUTE
    ../clib/microlib/init/entry.s            0x00000000   Number         0  entry7b.o ABSOLUTE
    ../clib/microlib/init/entry.s            0x00000000   Number         0  entry5.o ABSOLUTE
    ../clib/microlib/init/entry.s            0x00000000   Number         0  entry.o ABSOLUTE
    ../clib/microlib/init/entry.s            0x00000000   Number         0  entry2.o ABSOLUTE
    ../clib/microlib/init/entry.s            0x00000000   Number         0  entry11b.o ABSOLUTE
    ../clib/microlib/init/entry.s            0x00000000   Number         0  entry11a.o ABSOLUTE
    ../clib/microlib/init/entry.s            0x00000000   Number         0  entry10b.o ABSOLUTE
    ../clib/microlib/init/entry.s            0x00000000   Number         0  entry10a.o ABSOLUTE
    ../clib/microlib/init/entry.s            0x00000000   Number         0  entry9b.o ABSOLUTE
    ../clib/microlib/init/entry.s            0x00000000   Number         0  entry9a.o ABSOLUTE
    PLL.c                                    0x00000000   Number         0  pll.o ABSOLUTE
    SysTick.c                                0x00000000   Number         0  systick.o ABSOLUTE
    UART.c                                   0x00000000   Number         0  uart.o ABSOLUTE
    dc.s                                     0x00000000   Number         0  dc.o ABSOLUTE
    handlers.s                               0x00000000   Number         0  handlers.o ABSOLUTE
    init.s                                   0x00000000   Number         0  init.o ABSOLUTE
    main.c                                   0x00000000   Number         0  main.o ABSOLUTE
    startup.s                                0x00000000   Number         0  startup.o ABSOLUTE
    .ARM.Collect$$$$00000000                 0x00000284   Section        0  entry.o(.ARM.Collect$$$$00000000)
    .ARM.Collect$$$$00000001                 0x00000284   Section        4  entry2.o(.ARM.Collect$$$$00000001)
    .ARM.Collect$$$$00000004                 0x00000288   Section        4  entry5.o(.ARM.Collect$$$$00000004)
    .ARM.Collect$$$$00000008                 0x0000028c   Section        0  entry7b.o(.ARM.Collect$$$$00000008)
    .ARM.Collect$$$$0000000A                 0x0000028c   Section        0  entry8b.o(.ARM.Collect$$$$0000000A)
    .ARM.Collect$$$$0000000B                 0x0000028c   Section        8  entry9a.o(.ARM.Collect$$$$0000000B)
    .ARM.Collect$$$$0000000D                 0x00000294   Section        0  entry10a.o(.ARM.Collect$$$$0000000D)
    .ARM.Collect$$$$0000000F                 0x00000294   Section        0  entry11a.o(.ARM.Collect$$$$0000000F)
    .ARM.Collect$$$$00002712                 0x00000294   Section        4  entry2.o(.ARM.Collect$$$$00002712)
    __lit__00000000                          0x00000294   Data           4  entry2.o(.ARM.Collect$$$$00002712)
    .text                                    0x00000298   Section       28  startup.o(.text)
    .text                                    0x000002b4   Section       36  init.o(.text)
    i.ESP_Init                               0x000002d8   Section        0  main.o(i.ESP_Init)
    i.PLL_Init                               0x00000480   Section        0  pll.o(i.PLL_Init)
    i.PortD_Init                             0x000004fc   Section        0  main.o(i.PortD_Init)
    i.PortF_Init                             0x00000568   Section        0  main.o(i.PortF_Init)
    i.SysTick_Init                           0x000005fc   Section        0  systick.o(i.SysTick_Init)
    i.SysTick_Wait                           0x00000614   Section        0  systick.o(i.SysTick_Wait)
    i.SysTick_Wait10ms                       0x00000634   Section        0  systick.o(i.SysTick_Wait10ms)
    i.UART0_CRLF                             0x00000650   Section        0  uart.o(i.UART0_CRLF)
    i.UART0_Init                             0x00000660   Section        0  uart.o(i.UART0_Init)
    i.UART0_SendChar                         0x000006ec   Section        0  uart.o(i.UART0_SendChar)
    i.UART0_SendString                       0x00000704   Section        0  uart.o(i.UART0_SendString)
    i.UART1_GetChar                          0x0000071c   Section        0  uart.o(i.UART1_GetChar)
    i.UART1_Init                             0x00000738   Section        0  uart.o(i.UART1_Init)
    i.UART1_SendChar                         0x000007e4   Section        0  uart.o(i.UART1_SendChar)
    i.__scatterload_copy                     0x000007fc   Section       14  handlers.o(i.__scatterload_copy)
    i.__scatterload_null                     0x0000080a   Section        2  handlers.o(i.__scatterload_null)
    i.__scatterload_zeroinit                 0x0000080c   Section       14  handlers.o(i.__scatterload_zeroinit)
    i.init                                   0x0000081c   Section        0  main.o(i.init)
    i.main                                   0x0000087c   Section        0  main.o(i.main)
    .data                                    0x20000000   Section        1  main.o(.data)
    STACK                                    0x20000008   Section     1024  startup.o(STACK)
    StackMem                                 0x20000008   Data           0  startup.o(STACK)

    Global Symbols

    Symbol Name                              Value     Ov Type        Size  Object(Section)

    BuildAttributes$$THM_ISAv4$E$P$D$K$B$S$7EM$PE$A:L22UL41UL21$X:L11$S22US41US21$IEEE1$IW$USESV6$~STKCKD$USESV7$~SHL$OSPACE$EBA8$MICROLIB$REQ8$PRES8$EABIv2 0x00000000   Number         0  anon$$obj.o ABSOLUTE
    __ARM_use_no_argv                        0x00000000   Number         0  main.o ABSOLUTE
    __Vectors                                0x00000000   Data           0  startup.o(RESET)
    __cpp_initialize__aeabi_                  - Undefined Weak Reference
    __cxa_finalize                            - Undefined Weak Reference
    __decompress                              - Undefined Weak Reference
    _clock_init                               - Undefined Weak Reference
    _microlib_exit                            - Undefined Weak Reference
    Reset_Handler                            0x0000026d   Thumb Code     0  startup.o(RESET)
    NMI_Handler                              0x00000271   Thumb Code     2  startup.o(RESET)
    HardFault_Handler                        0x00000273   Thumb Code     2  startup.o(RESET)
    MemManage_Handler                        0x00000275   Thumb Code     2  startup.o(RESET)
    BusFault_Handler                         0x00000277   Thumb Code     2  startup.o(RESET)
    UsageFault_Handler                       0x00000279   Thumb Code     2  startup.o(RESET)
    SVC_Handler                              0x0000027b   Thumb Code     2  startup.o(RESET)
    DebugMon_Handler                         0x0000027d   Thumb Code     2  startup.o(RESET)
    PendSV_Handler                           0x0000027f   Thumb Code     2  startup.o(RESET)
    SysTick_Handler                          0x00000281   Thumb Code     2  startup.o(RESET)
    ADC0Seq0_Handler                         0x00000283   Thumb Code     0  startup.o(RESET)
    ADC0Seq1_Handler                         0x00000283   Thumb Code     0  startup.o(RESET)
    ADC0Seq2_Handler                         0x00000283   Thumb Code     0  startup.o(RESET)
    ADC0Seq3_Handler                         0x00000283   Thumb Code     0  startup.o(RESET)
    ADC1Seq0_Handler                         0x00000283   Thumb Code     0  startup.o(RESET)
    ADC1Seq1_Handler                         0x00000283   Thumb Code     0  startup.o(RESET)
    ADC1Seq2_Handler                         0x00000283   Thumb Code     0  startup.o(RESET)
    ADC1Seq3_Handler                         0x00000283   Thumb Code     0  startup.o(RESET)
    CAN0_Handler                             0x00000283   Thumb Code     0  startup.o(RESET)
    CAN1_Handler                             0x00000283   Thumb Code     0  startup.o(RESET)
    CAN2_Handler                             0x00000283   Thumb Code     0  startup.o(RESET)
    Comp0_Handler                            0x00000283   Thumb Code     0  startup.o(RESET)
    Comp1_Handler                            0x00000283   Thumb Code     0  startup.o(RESET)
    Comp2_Handler                            0x00000283   Thumb Code     0  startup.o(RESET)
    Ethernet_Handler                         0x00000283   Thumb Code     0  startup.o(RESET)
    ExtBus_Handler                           0x00000283   Thumb Code     0  startup.o(RESET)
    FPU_Handler                              0x00000283   Thumb Code     0  startup.o(RESET)
    Fan0_Handler                             0x00000283   Thumb Code     0  startup.o(RESET)
    FlashCtl_Handler                         0x00000283   Thumb Code     0  startup.o(RESET)
    GPIOPortA_Handler                        0x00000283   Thumb Code     0  startup.o(RESET)
    GPIOPortB_Handler                        0x00000283   Thumb Code     0  startup.o(RESET)
    GPIOPortC_Handler                        0x00000283   Thumb Code     0  startup.o(RESET)
    GPIOPortD_Handler                        0x00000283   Thumb Code     0  startup.o(RESET)
    GPIOPortE_Handler                        0x00000283   Thumb Code     0  startup.o(RESET)
    GPIOPortF_Handler                        0x00000283   Thumb Code     0  startup.o(RESET)
    GPIOPortG_Handler                        0x00000283   Thumb Code     0  startup.o(RESET)
    GPIOPortH_Handler                        0x00000283   Thumb Code     0  startup.o(RESET)
    GPIOPortJ_Handler                        0x00000283   Thumb Code     0  startup.o(RESET)
    GPIOPortK_Handler                        0x00000283   Thumb Code     0  startup.o(RESET)
    GPIOPortL_Handler                        0x00000283   Thumb Code     0  startup.o(RESET)
    GPIOPortM_Handler                        0x00000283   Thumb Code     0  startup.o(RESET)
    GPIOPortN_Handler                        0x00000283   Thumb Code     0  startup.o(RESET)
    GPIOPortP1_Handler                       0x00000283   Thumb Code     0  startup.o(RESET)
    GPIOPortP2_Handler                       0x00000283   Thumb Code     0  startup.o(RESET)
    GPIOPortP3_Handler                       0x00000283   Thumb Code     0  startup.o(RESET)
    GPIOPortP4_Handler                       0x00000283   Thumb Code     0  startup.o(RESET)
    GPIOPortP5_Handler                       0x00000283   Thumb Code     0  startup.o(RESET)
    GPIOPortP6_Handler                       0x00000283   Thumb Code     0  startup.o(RESET)
    GPIOPortP7_Handler                       0x00000283   Thumb Code     0  startup.o(RESET)
    GPIOPortP_Handler                        0x00000283   Thumb Code     0  startup.o(RESET)
    GPIOPortQ1_Handler                       0x00000283   Thumb Code     0  startup.o(RESET)
    GPIOPortQ2_Handler                       0x00000283   Thumb Code     0  startup.o(RESET)
    GPIOPortQ3_Handler                       0x00000283   Thumb Code     0  startup.o(RESET)
    GPIOPortQ4_Handler                       0x00000283   Thumb Code     0  startup.o(RESET)
    GPIOPortQ5_Handler                       0x00000283   Thumb Code     0  startup.o(RESET)
    GPIOPortQ6_Handler                       0x00000283   Thumb Code     0  startup.o(RESET)
    GPIOPortQ7_Handler                       0x00000283   Thumb Code     0  startup.o(RESET)
    GPIOPortQ_Handler                        0x00000283   Thumb Code     0  startup.o(RESET)
    GPIOPortR_Handler                        0x00000283   Thumb Code     0  startup.o(RESET)
    GPIOPortS_Handler                        0x00000283   Thumb Code     0  startup.o(RESET)
    Hibernate_Handler                        0x00000283   Thumb Code     0  startup.o(RESET)
    I2C0_Handler                             0x00000283   Thumb Code     0  startup.o(RESET)
    I2C1_Handler                             0x00000283   Thumb Code     0  startup.o(RESET)
    I2C2_Handler                             0x00000283   Thumb Code     0  startup.o(RESET)
    I2C3_Handler                             0x00000283   Thumb Code     0  startup.o(RESET)
    I2C4_Handler                             0x00000283   Thumb Code     0  startup.o(RESET)
    I2C5_Handler                             0x00000283   Thumb Code     0  startup.o(RESET)
    I2S0_Handler                             0x00000283   Thumb Code     0  startup.o(RESET)
    LPC0_Handler                             0x00000283   Thumb Code     0  startup.o(RESET)
    PECI0_Handler                            0x00000283   Thumb Code     0  startup.o(RESET)
    PWM0Fault_Handler                        0x00000283   Thumb Code     0  startup.o(RESET)
    PWM0Generator0_Handler                   0x00000283   Thumb Code     0  startup.o(RESET)
    PWM0Generator1_Handler                   0x00000283   Thumb Code     0  startup.o(RESET)
    PWM0Generator2_Handler                   0x00000283   Thumb Code     0  startup.o(RESET)
    PWM0Generator3_Handler                   0x00000283   Thumb Code     0  startup.o(RESET)
    PWM1Fault_Handler                        0x00000283   Thumb Code     0  startup.o(RESET)
    PWM1Generator0_Handler                   0x00000283   Thumb Code     0  startup.o(RESET)
    PWM1Generator1_Handler                   0x00000283   Thumb Code     0  startup.o(RESET)
    PWM1Generator2_Handler                   0x00000283   Thumb Code     0  startup.o(RESET)
    PWM1Generator3_Handler                   0x00000283   Thumb Code     0  startup.o(RESET)
    Quadrature0_Handler                      0x00000283   Thumb Code     0  startup.o(RESET)
    Quadrature1_Handler                      0x00000283   Thumb Code     0  startup.o(RESET)
    Quadrature2_Handler                      0x00000283   Thumb Code     0  startup.o(RESET)
    SSI0_Handler                             0x00000283   Thumb Code     0  startup.o(RESET)
    SSI1_Handler                             0x00000283   Thumb Code     0  startup.o(RESET)
    SSI2_Handler                             0x00000283   Thumb Code     0  startup.o(RESET)
    SSI3_Handler                             0x00000283   Thumb Code     0  startup.o(RESET)
    SysCtl_Handler                           0x00000283   Thumb Code     0  startup.o(RESET)
    Timer0A_Handler                          0x00000283   Thumb Code     0  startup.o(RESET)
    Timer0B_Handler                          0x00000283   Thumb Code     0  startup.o(RESET)
    Timer1A_Handler                          0x00000283   Thumb Code     0  startup.o(RESET)
    Timer1B_Handler                          0x00000283   Thumb Code     0  startup.o(RESET)
    Timer2A_Handler                          0x00000283   Thumb Code     0  startup.o(RESET)
    Timer2B_Handler                          0x00000283   Thumb Code     0  startup.o(RESET)
    Timer3A_Handler                          0x00000283   Thumb Code     0  startup.o(RESET)
    Timer3B_Handler                          0x00000283   Thumb Code     0  startup.o(RESET)
    Timer4A_Handler                          0x00000283   Thumb Code     0  startup.o(RESET)
    Timer4B_Handler                          0x00000283   Thumb Code     0  startup.o(RESET)
    Timer5A_Handler                          0x00000283   Thumb Code     0  startup.o(RESET)
    Timer5B_Handler                          0x00000283   Thumb Code     0  startup.o(RESET)
    UART0_Handler                            0x00000283   Thumb Code     0  startup.o(RESET)
    UART1_Handler                            0x00000283   Thumb Code     0  startup.o(RESET)
    UART2_Handler                            0x00000283   Thumb Code     0  startup.o(RESET)
    UART3_Handler                            0x00000283   Thumb Code     0  startup.o(RESET)
    UART4_Handler                            0x00000283   Thumb Code     0  startup.o(RESET)
    UART5_Handler                            0x00000283   Thumb Code     0  startup.o(RESET)
    UART6_Handler                            0x00000283   Thumb Code     0  startup.o(RESET)
    UART7_Handler                            0x00000283   Thumb Code     0  startup.o(RESET)
    USB0_Handler                             0x00000283   Thumb Code     0  startup.o(RESET)
    WDT_Handler                              0x00000283   Thumb Code     0  startup.o(RESET)
    WideTimer0A_Handler                      0x00000283   Thumb Code     0  startup.o(RESET)
    WideTimer0B_Handler                      0x00000283   Thumb Code     0  startup.o(RESET)
    WideTimer1A_Handler                      0x00000283   Thumb Code     0  startup.o(RESET)
    WideTimer1B_Handler                      0x00000283   Thumb Code     0  startup.o(RESET)
    WideTimer2A_Handler                      0x00000283   Thumb Code     0  startup.o(RESET)
    WideTimer2B_Handler                      0x00000283   Thumb Code     0  startup.o(RESET)
    WideTimer3A_Handler                      0x00000283   Thumb Code     0  startup.o(RESET)
    WideTimer3B_Handler                      0x00000283   Thumb Code     0  startup.o(RESET)
    WideTimer4A_Handler                      0x00000283   Thumb Code     0  startup.o(RESET)
    WideTimer4B_Handler                      0x00000283   Thumb Code     0  startup.o(RESET)
    WideTimer5A_Handler                      0x00000283   Thumb Code     0  startup.o(RESET)
    WideTimer5B_Handler                      0x00000283   Thumb Code     0  startup.o(RESET)
    uDMA_Error                               0x00000283   Thumb Code     0  startup.o(RESET)
    uDMA_Handler                             0x00000283   Thumb Code     0  startup.o(RESET)
    __main                                   0x00000285   Thumb Code     0  entry.o(.ARM.Collect$$$$00000000)
    _main_stk                                0x00000285   Thumb Code     0  entry2.o(.ARM.Collect$$$$00000001)
    _main_scatterload                        0x00000289   Thumb Code     0  entry5.o(.ARM.Collect$$$$00000004)
    __main_after_scatterload                 0x0000028d   Thumb Code     0  entry5.o(.ARM.Collect$$$$00000004)
    _main_clock                              0x0000028d   Thumb Code     0  entry7b.o(.ARM.Collect$$$$00000008)
    _main_cpp_init                           0x0000028d   Thumb Code     0  entry8b.o(.ARM.Collect$$$$0000000A)
    _main_init                               0x0000028d   Thumb Code     0  entry9a.o(.ARM.Collect$$$$0000000B)
    __rt_final_cpp                           0x00000295   Thumb Code     0  entry10a.o(.ARM.Collect$$$$0000000D)
    __rt_final_exit                          0x00000295   Thumb Code     0  entry11a.o(.ARM.Collect$$$$0000000F)
    DisableInterrupts                        0x00000299   Thumb Code     0  startup.o(.text)
    EnableInterrupts                         0x0000029d   Thumb Code     0  startup.o(.text)
    StartCritical                            0x000002a1   Thumb Code     0  startup.o(.text)
    EndCritical                              0x000002a9   Thumb Code     0  startup.o(.text)
    WaitForInterrupt                         0x000002af   Thumb Code     0  startup.o(.text)
    __scatterload                            0x000002b5   Thumb Code    28  init.o(.text)
    __scatterload_rt2                        0x000002b5   Thumb Code     0  init.o(.text)
    ESP_Init                                 0x000002d9   Thumb Code   262  main.o(i.ESP_Init)
    PLL_Init                                 0x00000481   Thumb Code   120  pll.o(i.PLL_Init)
    PortD_Init                               0x000004fd   Thumb Code    92  main.o(i.PortD_Init)
    PortF_Init                               0x00000569   Thumb Code   126  main.o(i.PortF_Init)
    SysTick_Init                             0x000005fd   Thumb Code    24  systick.o(i.SysTick_Init)
    SysTick_Wait                             0x00000615   Thumb Code    32  systick.o(i.SysTick_Wait)
    SysTick_Wait10ms                         0x00000635   Thumb Code    22  systick.o(i.SysTick_Wait10ms)
    UART0_CRLF                               0x00000651   Thumb Code    16  uart.o(i.UART0_CRLF)
    UART0_Init                               0x00000661   Thumb Code   118  uart.o(i.UART0_Init)
    UART0_SendChar                           0x000006ed   Thumb Code    20  uart.o(i.UART0_SendChar)
    UART0_SendString                         0x00000705   Thumb Code    22  uart.o(i.UART0_SendString)
    UART1_GetChar                            0x0000071d   Thumb Code    22  uart.o(i.UART1_GetChar)
    UART1_Init                               0x00000739   Thumb Code   144  uart.o(i.UART1_Init)
    UART1_SendChar                           0x000007e5   Thumb Code    20  uart.o(i.UART1_SendChar)
    __scatterload_copy                       0x000007fd   Thumb Code    14  handlers.o(i.__scatterload_copy)
    __scatterload_null                       0x0000080b   Thumb Code     2  handlers.o(i.__scatterload_null)
    __scatterload_zeroinit                   0x0000080d   Thumb Code    14  handlers.o(i.__scatterload_zeroinit)
    init                                     0x0000081d   Thumb Code    64  main.o(i.init)
    main                                     0x0000087d   Thumb Code   106  main.o(i.main)
    Region$$Table$$Base                      0x000008f0   Number         0  anon$$obj.o(Region$$Table)
    Region$$Table$$Limit                     0x00000910   Number         0  anon$$obj.o(Region$$Table)
    returnChar                               0x20000000   Data           1  main.o(.data)
    __initial_sp                             0x20000408   Data           0  startup.o(STACK)



==============================================================================

Memory Map of the image

  Image Entry point : 0x0000026d

  Load Region LR_1 (Base: 0x00000000, Size: 0x00000914, Max: 0xffffffff, ABSOLUTE)

    Execution Region ER_RO (Base: 0x00000000, Size: 0x00000910, Max: 0xffffffff, ABSOLUTE)

    Base Addr    Size         Type   Attr      Idx    E Section Name        Object

    0x00000000   0x00000284   Code   RO            3  * RESET               startup.o
    0x00000284   0x00000000   Code   RO          207  * .ARM.Collect$$$$00000000  mc_w.l(entry.o)
    0x00000284   0x00000004   Code   RO          210    .ARM.Collect$$$$00000001  mc_w.l(entry2.o)
    0x00000288   0x00000004   Code   RO          213    .ARM.Collect$$$$00000004  mc_w.l(entry5.o)
    0x0000028c   0x00000000   Code   RO          215    .ARM.Collect$$$$00000008  mc_w.l(entry7b.o)
    0x0000028c   0x00000000   Code   RO          217    .ARM.Collect$$$$0000000A  mc_w.l(entry8b.o)
    0x0000028c   0x00000008   Code   RO          218    .ARM.Collect$$$$0000000B  mc_w.l(entry9a.o)
    0x00000294   0x00000000   Code   RO          220    .ARM.Collect$$$$0000000D  mc_w.l(entry10a.o)
    0x00000294   0x00000000   Code   RO          222    .ARM.Collect$$$$0000000F  mc_w.l(entry11a.o)
    0x00000294   0x00000004   Code   RO          211    .ARM.Collect$$$$00002712  mc_w.l(entry2.o)
    0x00000298   0x0000001c   Code   RO            4    .text               startup.o
    0x000002b4   0x00000024   Code   RO          224    .text               mc_w.l(init.o)
    0x000002d8   0x000001a8   Code   RO           12    i.ESP_Init          main.o
    0x00000480   0x0000007c   Code   RO           69    i.PLL_Init          pll.o
    0x000004fc   0x0000006c   Code   RO           13    i.PortD_Init        main.o
    0x00000568   0x00000094   Code   RO           14    i.PortF_Init        main.o
    0x000005fc   0x00000018   Code   RO           81    i.SysTick_Init      systick.o
    0x00000614   0x00000020   Code   RO           82    i.SysTick_Wait      systick.o
    0x00000634   0x0000001c   Code   RO           83    i.SysTick_Wait10ms  systick.o
    0x00000650   0x00000010   Code   RO          105    i.UART0_CRLF        uart.o
    0x00000660   0x0000008c   Code   RO          109    i.UART0_Init        uart.o
    0x000006ec   0x00000018   Code   RO          110    i.UART0_SendChar    uart.o
    0x00000704   0x00000016   Code   RO          111    i.UART0_SendString  uart.o
    0x0000071a   0x00000002   PAD
    0x0000071c   0x0000001c   Code   RO          114    i.UART1_GetChar     uart.o
    0x00000738   0x000000ac   Code   RO          117    i.UART1_Init        uart.o
    0x000007e4   0x00000018   Code   RO          118    i.UART1_SendChar    uart.o
    0x000007fc   0x0000000e   Code   RO          228    i.__scatterload_copy  mc_w.l(handlers.o)
    0x0000080a   0x00000002   Code   RO          229    i.__scatterload_null  mc_w.l(handlers.o)
    0x0000080c   0x0000000e   Code   RO          230    i.__scatterload_zeroinit  mc_w.l(handlers.o)
    0x0000081a   0x00000002   PAD
    0x0000081c   0x00000060   Code   RO           15    i.init              main.o
    0x0000087c   0x00000074   Code   RO           16    i.main              main.o
    0x000008f0   0x00000020   Data   RO          226    Region$$Table       anon$$obj.o


    Execution Region ER_RW (Base: 0x20000000, Size: 0x00000004, Max: 0xffffffff, ABSOLUTE)

    Base Addr    Size         Type   Attr      Idx    E Section Name        Object

    0x20000000   0x00000001   Data   RW           18    .data               main.o


    Execution Region ER_ZI (Base: 0x20000004, Size: 0x00000404, Max: 0xffffffff, ABSOLUTE)

    Base Addr    Size         Type   Attr      Idx    E Section Name        Object

    0x20000004   0x00000004   PAD
    0x20000008   0x00000400   Zero   RW            1    STACK               startup.o


==============================================================================

Image component sizes


      Code (inc. data)   RO Data    RW Data    ZI Data      Debug   Object Name

       892        242          0          1          0       5010   main.o
       124          4          0          0          0        483   pll.o
       672        622          0          0       1024       1108   startup.o
        84          6          0          0          0       1629   systick.o
       426         64          0          0          0       3524   uart.o

    ----------------------------------------------------------------------
      2200        938         32          4       1028      11754   Object Totals
         0          0         32          0          0          0   (incl. Generated)
         2          0          0          3          4          0   (incl. Padding)

    ----------------------------------------------------------------------

      Code (inc. data)   RO Data    RW Data    ZI Data      Debug   Library Member Name

         0          0          0          0          0          0   entry.o
         0          0          0          0          0          0   entry10a.o
         0          0          0          0          0          0   entry11a.o
         8          4          0          0          0          0   entry2.o
         4          0          0          0          0          0   entry5.o
         0          0          0          0          0          0   entry7b.o
         0          0          0          0          0          0   entry8b.o
         8          4          0          0          0          0   entry9a.o
        30          0          0          0          0          0   handlers.o
        36          8          0          0          0         68   init.o

    ----------------------------------------------------------------------
        88         16          0          0          0         68   Library Totals
         2          0          0          0          0          0   (incl. Padding)

    ----------------------------------------------------------------------

      Code (inc. data)   RO Data    RW Data    ZI Data      Debug   Library Name

        86         16          0          0          0         68   mc_w.l

    ----------------------------------------------------------------------
        88         16          0          0          0         68   Library Totals

    ----------------------------------------------------------------------

==============================================================================


      Code (inc. data)   RO Data    RW Data    ZI Data      Debug   

      2288        954         32          4       1028      11402   Grand Totals
      2288        954         32          4       1028      11402   ELF Image Totals
      2288        954         32          4          0          0   ROM Totals

==============================================================================

    Total RO  Size (Code + RO Data)                 2320 (   2.27kB)
    Total RW  Size (RW Data + ZI Data)              1032 (   1.01kB)
    Total ROM Size (Code + RO Data + RW Data)       2324 (   2.27kB)

==============================================================================

