Component: ARM Compiler 5.06 update 4 (build 422) Tool: armlink [4d35d2]

==============================================================================

Section Cross References

    startup.o(RESET) refers to startup.o(STACK) for StackMem
    startup.o(RESET) refers to systick.o(i.SysTick_Handler) for SysTick_Handler
    startup.o(RESET) refers to entry.o(.ARM.Collect$$$$00000000) for __main
    main.o(i.ESP_Init) refers to uart.o(i.UART0_SendString) for UART0_SendString
    main.o(i.ESP_Init) refers to uart.o(i.UART0_CRLF) for UART0_CRLF
    main.o(i.ESP_Init) refers to main.o(i.delay_ms) for delay_ms
    main.o(i.ESP_Init) refers to uart.o(i.UART1_SendChar) for UART1_SendChar
    main.o(i.ESP_Init) refers to uart.o(i.UART0_SendChar) for UART0_SendChar
    main.o(i.ESP_Init) refers to uart.o(i.UART1_GetChar) for UART1_GetChar
    main.o(i.ESP_Init) refers to main.o(.data) for returnChar
    main.o(i.init) refers to startup.o(.text) for DisableInterrupts
    main.o(i.init) refers to pll.o(i.PLL_Init) for PLL_Init
    main.o(i.init) refers to systick.o(i.SysTick_Init) for SysTick_Init
    main.o(i.init) refers to uart.o(i.UART0_Init) for UART0_Init
    main.o(i.init) refers to uart.o(i.UART1_Init) for UART1_Init
    main.o(i.init) refers to main.o(i.PortF_Init) for PortF_Init
    main.o(i.init) refers to main.o(i.PortD_Init) for PortD_Init
    main.o(i.init) refers to uart.o(i.UART0_SendString) for UART0_SendString
    main.o(i.init) refers to uart.o(i.UART0_CRLF) for UART0_CRLF
    main.o(i.init) refers to main.o(i.ESP_Init) for ESP_Init
    main.o(i.main) refers to main.o(i.init) for init
    main.o(i.main) refers to uart.o(i.UART1_SendChar) for UART1_SendChar
    main.o(i.main) refers to uart.o(i.UART1_GetChar) for UART1_GetChar
    main.o(i.main) refers to uart.o(i.UART0_SendChar) for UART0_SendChar
    systick.o(i.SysTick_Handler) refers to systick.o(.data) for Counts
    systick.o(i.SysTick_Init) refers to startup.o(.text) for EnableInterrupts
    systick.o(i.main) refers to systick.o(i.SysTick_Init) for SysTick_Init
    systick.o(i.main) refers to startup.o(.text) for EnableInterrupts
    systick.o(i.main) refers to systick.o(.data) for Counts
    uart.o(i.UART0_CRLF) refers to uart.o(i.UART0_SendChar) for UART0_SendChar
    uart.o(i.UART0_GetString) refers to uart.o(i.UART0_GetChar) for UART0_GetChar
    uart.o(i.UART0_GetString) refers to uart.o(i.UART0_SendChar) for UART0_SendChar
    uart.o(i.UART0_GetUDec) refers to uart.o(i.UART0_GetChar) for UART0_GetChar
    uart.o(i.UART0_GetUDec) refers to uart.o(i.UART0_SendChar) for UART0_SendChar
    uart.o(i.UART0_SendString) refers to uart.o(i.UART0_SendChar) for UART0_SendChar
    uart.o(i.UART0_SendUDec) refers to uart.o(i.UART0_SendChar) for UART0_SendChar
    uart.o(i.UART1_CRLF) refers to uart.o(i.UART1_SendChar) for UART1_SendChar
    uart.o(i.UART1_GetString) refers to uart.o(i.UART1_GetChar) for UART1_GetChar
    uart.o(i.UART1_GetString) refers to uart.o(i.UART0_SendChar) for UART0_SendChar
    uart.o(i.UART1_GetUDec) refers to uart.o(i.UART1_GetChar) for UART1_GetChar
    uart.o(i.UART1_GetUDec) refers to uart.o(i.UART1_SendChar) for UART1_SendChar
    uart.o(i.UART1_SendString) refers to uart.o(i.UART1_SendChar) for UART1_SendChar
    uart.o(i.UART1_SendUDec) refers to uart.o(i.UART1_SendChar) for UART1_SendChar
    entry.o(.ARM.Collect$$$$00000000) refers (Special) to entry10a.o(.ARM.Collect$$$$0000000D) for __rt_final_cpp
    entry.o(.ARM.Collect$$$$00000000) refers (Special) to entry11a.o(.ARM.Collect$$$$0000000F) for __rt_final_exit
    entry.o(.ARM.Collect$$$$00000000) refers (Special) to entry7b.o(.ARM.Collect$$$$00000008) for _main_clock
    entry.o(.ARM.Collect$$$$00000000) refers (Special) to entry8b.o(.ARM.Collect$$$$0000000A) for _main_cpp_init
    entry.o(.ARM.Collect$$$$00000000) refers (Special) to entry9a.o(.ARM.Collect$$$$0000000B) for _main_init
    entry.o(.ARM.Collect$$$$00000000) refers (Special) to entry5.o(.ARM.Collect$$$$00000004) for _main_scatterload
    entry.o(.ARM.Collect$$$$00000000) refers (Special) to entry2.o(.ARM.Collect$$$$00000001) for _main_stk
    entry2.o(.ARM.Collect$$$$00000001) refers to entry2.o(.ARM.Collect$$$$00002712) for __lit__00000000
    entry2.o(.ARM.Collect$$$$00002712) refers to startup.o(STACK) for __initial_sp
    entry2.o(__vectab_stack_and_reset_area) refers to startup.o(STACK) for __initial_sp
    entry2.o(__vectab_stack_and_reset_area) refers to entry.o(.ARM.Collect$$$$00000000) for __main
    entry5.o(.ARM.Collect$$$$00000004) refers to init.o(.text) for __scatterload
    entry9a.o(.ARM.Collect$$$$0000000B) refers to main.o(i.main) for main
    entry9a.o(.ARM.Collect$$$$0000000B) refers to systick.o(i.main) for main
    entry9b.o(.ARM.Collect$$$$0000000C) refers to main.o(i.main) for main
    entry9b.o(.ARM.Collect$$$$0000000C) refers to systick.o(i.main) for main
    init.o(.text) refers to entry5.o(.ARM.Collect$$$$00000004) for __main_after_scatterload

